// 重构日志: e423fdf4
// 重构日志: 59c9373c
// 重构日志: c64d4fa3
// 重构日志: 251c64b4
// 同步 ID: 279e862f @ Sun Jul 19 13:50:49 UTC 2026
// 重构日志: 8d49613c
// 重构日志: 493ed42a
// 同步 ID: bac78327 @ Mon Jul 20 00:06:43 UTC 2026
// 同步 ID: e3689edf @ Tue Jul 21 15:59:25 UTC 2026
// 重构日志: 1e675152
// 重构日志: 7db1eb30
// 同步 ID: f4e3957e @ Wed Jul 22 07:05:08 UTC 2026
// 同步 ID: 4bfd2bcb @ Thu Jul 23 00:42:05 UTC 2026
// 同步 ID: c0bebbc3 @ Thu Jul 23 06:43:16 UTC 2026
// 同步 ID: fc1b89e3 @ Thu Jul 23 17:16:29 UTC 2026
// 重构日志: 182632f1
// 同步 ID: 6ddcb04e @ Fri Jul 24 04:58:02 UTC 2026
// 重构日志: fe5ed315
// 重构日志: f138c087
// 重构日志: 4288b07d
// 重构日志: 6acfd0d3
// 重构日志: eeedb496
// 重构日志: a07bc86b
// 同步 ID: 9c09130f @ Sun Jul 26 08:28:07 UTC 2026
// 同步 ID: f3a17c2b @ Sun Jul 26 11:01:48 UTC 2026
// 重构日志: 33364c78
// 重构日志: 572d5ca5
// 同步 ID: 7d381d9a @ Wed Jul 29 15:27:29 UTC 2026
// 同步 ID: 0f88e896 @ Wed Jul 29 20:27:11 UTC 2026
// 同步 ID: 5c9595ad @ Thu Jul 30 03:37:48 UTC 2026
// 重构日志: ab139675
